[coinfluence.framer.website/index.html]
[backblue.gif]
[fade.gif]
[index.html]
[framerusercontent.com/images/pIMBCJDoFNymTdkRW31j2Z1U.png]
[framerusercontent.com/assets/ugoaqlzX8czvniPhQjeEq8jTUic.png]
[framerusercontent.com/images/E6yphaNaxg55ySYjdVkXZTvokXg.png]
[framerusercontent.com/images/BecFQoKSk2GrI1AYRJXKU4ekZ8bf23.png]
[framerusercontent.com/images/ZPAo4xkiwENFmqlM4iUPOx14Enk.png]
[framerusercontent.com/images/lWf4QsOhmPRDzuTALGkPpU1o17f5.png]
[framerusercontent.com/images/lQGJBduoP8oJ90LDVGaTGoprd4.png]
[framerusercontent.com/images/5wJiUNi4SstTqU68tttZQjPio.png]
[framerusercontent.com/images/mpN6bz0lVeuXPUaKZjgjZTF8.png]
[coinfluence.framer.website/about.html]
[framerusercontent.com/images/peObXg3NfRvRRg4cAtXJcpFaLnQbf23.png]
[framerusercontent.com/images/dDSlaZDmyNz2AGHhIe2rNgz5UKQ.png]
[framerusercontent.com/images/cvXkMfJ4wAvwwyIyUDj8ROtpXg17f5.png]
[coinfluence.framer.website/&apos;https_/framerusercontent.com/images/rR6HYXBrMmX4cRpXfXUOvpvpB0.d.delayed]
[framerusercontent.com/images/PIcg4cTJ4IGkiVLfWuxnQHKPU.png]
[framerusercontent.com/images/297dAxVnAEDCzg5sn5ceauI8cA.png]
[framerusercontent.com/images/1mFjaBAo76geordfyFFBUcYn2y0.png]
[framerusercontent.com/images/SIgAKZaJURPILNmVKNlYCeQbko4.png]
[framerusercontent.com/images/iGk4x1NJSVgWzFvuQQADJp9I.png]
[framerusercontent.com/images/99qcDQP7xzsxlgXsq47uID7sAm4.png]
[framerusercontent.com/images/qCpU7HJtiveCC9wTFuh7L4wc8YM.png]
[framerusercontent.com/images/GoWNvgKZvVTzmZQKHoh2Ccnk4E.png]
[framerusercontent.com/images/35D1kOvVa7xWKpADl9eZJFMJJs.png]
[framerusercontent.com/images/n5wrTRRTEgOZQmGx3OHNsuq8A8.png]
[framerusercontent.com/images/wTAMX5lXinEKi627YGJAJ5kcvw.png]
[coinfluence.framer.website/contact.html]
[coinfluence.framer.website/news/bitcoin-surges-past-100-000-mark.html]
[coinfluence.framer.website/privacy-policy.html]
[framerusercontent.com/images/THT9yvNKgznJXQJPQl2zfxsQwPw.png]
[coinfluence.framer.website/index.html]
[framerusercontent.com/assets/vVFvxezdL9NC0496JPezRcheskU.png]
[framerusercontent.com/images/sqsPq6ethC3mzhNyUkoFvpcU4o.png]
[framerusercontent.com/images/lKaaStgbmdIe8TfrIkFlKzHazV0.png]
[framerusercontent.com/images/CPGgYEBeFy4gDXe5dDzh1qjQG1w.png]
[framerusercontent.com/images/mUVPNgOqhd1MFYjLtFtiBwvxfY.png]
[framerusercontent.com/images/BJytCbStiWSy9rxpQ0wU6I3SNiI.png]
[coinfluence.framer.website/news/nft-craze-goes-mainstream.html]
[framerusercontent.com/images/MpvZYDuwcqWjJ8upzGD64AJDuOU.jpg]
[coinfluence.framer.website/news/metaverse-madness.html]
[framerusercontent.com/images/QbdaPBIOwpkNAvFjvkHSbJGkqAM.jpg]
[framerusercontent.com/images/I3NqTcQsbWzUFTpnyR5jUZYsdb4.jpg]
[coinfluence.framer.website/about.html]
[coinfluence.framer.website/&apos;https_/framerusercontent.com/images/rR6HYXBrMmX4cRpXfXUOvpvpB0.html]
[framerusercontent.com/assets/r26JJBbX6BaNs80XUewn12eM.png]
[framerusercontent.com/images/xcaLKfcjUFroawkvGznP34t9is.png]
[coinfluence.framer.website/contact.html]
[framerusercontent.com/assets/6tlQJ2qI52UEhapDP9kF2vWji6I.png]
[coinfluence.framer.website/news/&apos;https_/framerusercontent.com/images/rR6HYXBrMmX4cRpXfXUOvpvpB0.2b.delayed]
[coinfluence.framer.website/news/bitcoin-surges-past-100-000-mark.html]
[framerusercontent.com/assets/syu9QRB8vOQYo5ZniwYTGrWEo.png]
[coinfluence.framer.website/privacy-policy.html]
[coinfluence.framer.website/news/nft-craze-goes-mainstream.html]
[coinfluence.framer.website/news/metaverse-madness.html]
[coinfluence.framer.website/news/&apos;https_/framerusercontent.com/images/rR6HYXBrMmX4cRpXfXUOvpvpB0.html]
